[0m22:02:50.904324 [debug] [MainThread]: Sending event: {'category': 'dbt', 'action': 'invocation', 'label': 'start', 'context': [<snowplow_tracker.self_describing_json.SelfDescribingJson object at 0x74f1f7519fa0>, <snowplow_tracker.self_describing_json.SelfDescribingJson object at 0x74f1f549d1f0>, <snowplow_tracker.self_describing_json.SelfDescribingJson object at 0x74f1f5b9cda0>]}


============================== 22:02:50.908214 | 829304ee-b163-4bb0-a713-5ccf129c5c16 ==============================
[0m22:02:50.908214 [info ] [MainThread]: Running with dbt=1.12.3
[0m22:02:50.908529 [debug] [MainThread]: running dbt with arguments {'printer_width': '80', 'version_check': 'True', 'quiet': 'False', 'use_colors': 'True', 'no_print': 'None', 'log_format': 'default', 'indirect_selection': 'eager', 'static_parser': 'True', 'invocation_command': 'dbt init trustsync_dbt', 'warn_error': 'None', 'maximum_seed_size_mib': '1', 'profiles_dir': '/home/tomy/.dbt', 'introspect': 'True', 'write_json': 'True', 'debug': 'False', 'use_experimental_parser': 'False', 'partial_parse': 'True', 'warn_error_options': 'WarnErrorOptionsV2(error=[], warn=[], silence=[])', 'log_cache_events': 'False', 'target_path': 'None', 'hints_enabled': 'True', 'log_path': 'logs', 'cache_selected_only': 'False', 'fail_fast': 'False', 'send_anonymous_usage_stats': 'True', 'empty': 'None'}
[0m22:02:50.924709 [debug] [MainThread]: Starter project path: /home/tomy/trustsync/trustenv/lib/python3.12/site-packages/dbt/include/starter_project
[0m22:02:50.938327 [info ] [MainThread]: Setting up your profile.
[0m22:03:19.249909 [info ] [MainThread]: Running dbt debug to validate the project...
[0m22:03:19.250286 [info ] [MainThread]: dbt version: 1.12.3
[0m22:03:19.250466 [info ] [MainThread]: python version: 3.12.3
[0m22:03:19.250623 [info ] [MainThread]: python path: /home/tomy/trustsync/trustenv/bin/python3
[0m22:03:19.250778 [info ] [MainThread]: os info: Linux-6.6.87.2-microsoft-standard-WSL2-x86_64-with-glibc2.39
[0m22:03:19.281090 [info ] [MainThread]: Using profiles dir at /home/tomy/.dbt
[0m22:03:19.281381 [info ] [MainThread]: Using profiles.yml file at /home/tomy/.dbt/profiles.yml
[0m22:03:19.281561 [info ] [MainThread]: Using dbt_project.yml file at /home/tomy/trustsync/proyectos/trustsync_dbt/dbt_project.yml
[0m22:03:19.283674 [info ] [MainThread]: adapter type: duckdb
[0m22:03:19.283887 [info ] [MainThread]: adapter version: 1.11.0
[0m22:03:19.344401 [info ] [MainThread]: Configuration:
[0m22:03:19.344854 [info ] [MainThread]:   profiles.yml file [[32mOK found and valid[0m]
[0m22:03:19.345032 [info ] [MainThread]:   dbt_project.yml file [[32mOK found and valid[0m]
[0m22:03:19.345199 [info ] [MainThread]: Required dependencies:
[0m22:03:19.345396 [debug] [MainThread]: Executing "git --help"
[0m22:03:19.462048 [debug] [MainThread]: STDOUT: "b"usage: git [-v | --version] [-h | --help] [-C <path>] [-c <name>=<value>]\n           [--exec-path[=<path>]] [--html-path] [--man-path] [--info-path]\n           [-p | --paginate | -P | --no-pager] [--no-replace-objects] [--bare]\n           [--git-dir=<path>] [--work-tree=<path>] [--namespace=<name>]\n           [--config-env=<name>=<envvar>] <command> [<args>]\n\nThese are common Git commands used in various situations:\n\nstart a working area (see also: git help tutorial)\n   clone     Clone a repository into a new directory\n   init      Create an empty Git repository or reinitialize an existing one\n\nwork on the current change (see also: git help everyday)\n   add       Add file contents to the index\n   mv        Move or rename a file, a directory, or a symlink\n   restore   Restore working tree files\n   rm        Remove files from the working tree and from the index\n\nexamine the history and state (see also: git help revisions)\n   bisect    Use binary search to find the commit that introduced a bug\n   diff      Show changes between commits, commit and working tree, etc\n   grep      Print lines matching a pattern\n   log       Show commit logs\n   show      Show various types of objects\n   status    Show the working tree status\n\ngrow, mark and tweak your common history\n   branch    List, create, or delete branches\n   commit    Record changes to the repository\n   merge     Join two or more development histories together\n   rebase    Reapply commits on top of another base tip\n   reset     Reset current HEAD to the specified state\n   switch    Switch branches\n   tag       Create, list, delete or verify a tag object signed with GPG\n\ncollaborate (see also: git help workflows)\n   fetch     Download objects and refs from another repository\n   pull      Fetch from and integrate with another repository or a local branch\n   push      Update remote refs along with associated objects\n\n'git help -a' and 'git help -g' list available subcommands and some\nconcept guides. See 'git help <command>' or 'git help <concept>'\nto read about a specific subcommand or concept.\nSee 'git help git' for an overview of the system.\n""
[0m22:03:19.462928 [debug] [MainThread]: STDERR: "b''"
[0m22:03:19.464061 [info ] [MainThread]:  - git [[32mOK found[0m]

[0m22:03:19.464791 [info ] [MainThread]: Connection:
[0m22:03:19.465380 [info ] [MainThread]:   database: dev
[0m22:03:19.465830 [info ] [MainThread]:   schema: main
[0m22:03:19.466301 [info ] [MainThread]:   path: dev.duckdb
[0m22:03:19.466687 [info ] [MainThread]:   config_options: None
[0m22:03:19.467045 [info ] [MainThread]:   extensions: None
[0m22:03:19.467380 [info ] [MainThread]:   settings: {}
[0m22:03:19.467688 [info ] [MainThread]:   external_root: .
[0m22:03:19.468003 [info ] [MainThread]:   use_credential_provider: None
[0m22:03:19.468342 [info ] [MainThread]:   attach: None
[0m22:03:19.468670 [info ] [MainThread]:   filesystems: None
[0m22:03:19.471144 [info ] [MainThread]:   remote: None
[0m22:03:19.471611 [info ] [MainThread]:   plugins: None
[0m22:03:19.472102 [info ] [MainThread]:   disable_transactions: False
[0m22:03:19.472857 [info ] [MainThread]: Registered adapter: duckdb=1.11.0
[0m22:03:19.560760 [debug] [MainThread]: Acquiring new duckdb connection 'debug'
[0m22:03:19.585660 [debug] [MainThread]: Using duckdb connection "debug"
[0m22:03:19.586064 [debug] [MainThread]: On debug: select 1 as id
[0m22:03:19.586314 [debug] [MainThread]: Opening a new connection, currently in state init
[0m22:03:19.612468 [debug] [MainThread]: SQL status: OK in 0.026 seconds
[0m22:03:19.613209 [debug] [MainThread]: On debug: Close
[0m22:03:19.613457 [info ] [MainThread]:   Connection test: [[32mOK connection ok[0m]

[0m22:03:19.613680 [info ] [MainThread]: [32mAll checks passed![0m
[0m22:03:19.613926 [info ] [MainThread]: Your new dbt project "trustsync_dbt" was created!
Initialized new project in /home/tomy/trustsync/proyectos/trustsync_dbt/trustsync_dbt

For more information on how to configure the profiles.yml file,
please consult the dbt documentation here:

  https://docs.getdbt.com/docs/configure-your-profile

One more thing:

Need help? Don't hesitate to reach out to us via GitHub issues or on Slack:

  https://community.getdbt.com/

Happy modeling!

[0m22:03:19.616626 [debug] [MainThread]: Resource report: {"command_name": "init", "command_success": true, "command_wall_clock_time": 25.17822, "process_in_blocks": "146536", "process_kernel_time": 0.264413, "process_mem_max_rss": "150428", "process_out_blocks": "112", "process_user_time": 1.240009}
[0m22:03:19.617165 [debug] [MainThread]: Command `dbt init` succeeded at 22:03:19.617051 after 25.18 seconds
[0m22:03:19.617482 [debug] [MainThread]: Connection 'debug' was properly closed.
[0m22:03:19.617852 [debug] [MainThread]: Sending event: {'category': 'dbt', 'action': 'invocation', 'label': 'end', 'context': [<snowplow_tracker.self_describing_json.SelfDescribingJson object at 0x74f1e58f1d90>, <snowplow_tracker.self_describing_json.SelfDescribingJson object at 0x74f1f64c8260>, <snowplow_tracker.self_describing_json.SelfDescribingJson object at 0x74f1e59c0c50>]}
[0m22:03:19.618249 [debug] [MainThread]: Flushing usage events
[0m22:03:20.240201 [debug] [MainThread]: An error was encountered while trying to flush usage events
